\BOOKMARK [0][-]{chapter.1}{\376\377\000C\000U\000D\000A}{}% 1
\BOOKMARK [1][-]{section.1.1}{\376\377\000I\000n\000\040\000p\000o\000c\000h\000e\000\040\000p\000a\000r\000o\000l\000e}{chapter.1}% 2
\BOOKMARK [1][-]{section.1.2}{\376\377\000G\000r\000i\000g\000l\000i\000a\000,\000\040\000B\000l\000o\000c\000c\000h\000i\000\040\000e\000\040\000T\000h\000r\000e\000a\000d}{chapter.1}% 3
\BOOKMARK [0][-]{chapter.2}{\376\377\000A\000l\000g\000o\000r\000i\000t\000m\000i}{}% 4
\BOOKMARK [1][-]{section.2.1}{\376\377\000R\000e\000d\000u\000c\000t\000i\000o\000n\000S\000u\000m}{chapter.2}% 5
\BOOKMARK [1][-]{section.2.2}{\376\377\000P\000r\000e\000f\000i\000x\000S\000u\000m}{chapter.2}% 6
\BOOKMARK [0][-]{chapter.3}{\376\377\000M\000y\000C\000u\000d\000a}{}% 7
\BOOKMARK [1][-]{section.3.1}{\376\377\000P\000a\000r\000a\000m\000e\000t\000r\000i}{chapter.3}% 8
\BOOKMARK [1][-]{section.3.2}{\376\377\000S\000t\000r\000u\000m\000e\000n\000t\000i\000\040\000P\000r\000i\000n\000c\000i\000p\000a\000l\000i}{chapter.3}% 9
\BOOKMARK [2][-]{subsection.3.2.1}{\376\377\000M\000y\000C\000u\000d\000a\000I\000t\000e\000m}{section.3.2}% 10
\BOOKMARK [2][-]{subsection.3.2.2}{\376\377\000M\000y\000C\000u\000d\000a\000K\000e\000r\000n\000e\000l\000L\000a\000u\000n\000c\000h\000\050\000\051}{section.3.2}% 11
\BOOKMARK [1][-]{section.3.3}{\376\377\000A\000l\000g\000o\000r\000i\000t\000m\000i}{chapter.3}% 12
\BOOKMARK [2][-]{subsection.3.3.1}{\376\377\000M\000y\000C\000u\000d\000a\000R\000e\000d\000u\000c\000t\000i\000o\000n}{section.3.3}% 13
\BOOKMARK [2][-]{subsection.3.3.2}{\376\377\000M\000y\000C\000u\000d\000a\000P\000r\000e\000f\000i\000x\000S\000u\000m}{section.3.3}% 14
\BOOKMARK [1][-]{section.3.4}{\376\377\000F\000u\000n\000z\000i\000o\000n\000i\000\040\000A\000u\000s\000i\000l\000i\000a\000r\000e}{chapter.3}% 15
\BOOKMARK [2][-]{subsection.3.4.1}{\376\377\000M\000y\000C\000u\000d\000a\000M\000a\000l\000l\000o\000c\000\050\000\051}{section.3.4}% 16
\BOOKMARK [2][-]{subsection.3.4.2}{\376\377\000M\000y\000C\000u\000d\000a\000M\000e\000m\000S\000w\000a\000p\000\050\000\051}{section.3.4}% 17
\BOOKMARK [2][-]{subsection.3.4.3}{\376\377\000M\000y\000C\000u\000d\000a\000M\000e\000m\000F\000r\000e\000e\000\050\000\051}{section.3.4}% 18
\BOOKMARK [2][-]{subsection.3.4.4}{\376\377\000M\000y\000C\000u\000d\000a\000B\000u\000f\000f\000e\000r\000s\000P\000r\000i\000n\000t\000\050\000\051}{section.3.4}% 19
\BOOKMARK [2][-]{subsection.3.4.5}{\376\377\000M\000y\000C\000u\000d\000a\000I\000t\000e\000r\000a\000t\000i\000o\000n\000s\000\050\000\051}{section.3.4}% 20
\BOOKMARK [2][-]{subsection.3.4.6}{\376\377\000M\000y\000C\000u\000d\000a\000S\000e\000t\000T\000h\000r\000e\000a\000d\000A\000r\000g\000s\000\050\000\051}{section.3.4}% 21
\BOOKMARK [2][-]{subsection.3.4.7}{\376\377\000M\000y\000C\000u\000d\000a\000I\000s\000P\000o\000w\000e\000r\000T\000w\000o\000\050\000\051}{section.3.4}% 22
\BOOKMARK [2][-]{subsection.3.4.8}{\376\377\000M\000y\000C\000u\000d\000a\000P\000r\000e\000f\000i\000x\000S\000u\000m\000T\000e\000s\000t\000\050\000\051}{section.3.4}% 23
